<?php return array (
  0 => 'Symfony\\Bundle\\FrameworkBundle\\Controller\\AbstractController',
  1 => 'App\\Controller\\AboutController',
  2 => 'App\\Controller\\Admin\\BerufswegCrudController',
  3 => 'App\\Controller\\Admin\\CsvCrudController',
  4 => 'App\\Controller\\Admin\\DashboardController',
  5 => 'App\\Controller\\Admin\\HeadInfoCrudController',
  6 => 'App\\Controller\\Admin\\ImpressumCrudController',
  7 => 'App\\Controller\\Admin\\LebenslaufCrudController',
  8 => 'App\\Controller\\Admin\\ProgrammCrudController',
  9 => 'App\\Controller\\Admin\\SkillsCrudController',
  10 => 'App\\Controller\\Admin\\SocialCrudController',
  11 => 'App\\Controller\\CsvController',
  12 => 'App\\Controller\\FooterController',
  13 => 'App\\Controller\\HeadController',
  14 => 'App\\Controller\\HeaderController',
  15 => 'App\\Controller\\HomeController',
  16 => 'App\\Controller\\ImpressumController',
  17 => 'App\\Controller\\LebenslaufController',
  18 => 'App\\Controller\\NavBarController',
  19 => 'App\\Controller\\NavBarImprintController',
  20 => 'App\\Controller\\ProgrammController',
  21 => 'App\\Controller\\SecurityController',
  22 => 'App\\Controller\\SkillsController',
  23 => 'App\\Controller\\SocialController',
  24 => 'App\\Entity\\Berufsweg',
  25 => 'App\\Entity\\Csv',
  26 => 'App\\Entity\\HeadInfo',
  27 => 'App\\Entity\\Impressum',
  28 => 'App\\Entity\\Lebenslauf',
  29 => 'App\\Entity\\Programm',
  30 => 'App\\Entity\\Skills',
  31 => 'App\\Entity\\Social',
  32 => 'App\\Entity\\Texte',
  33 => 'App\\Entity\\User',
  34 => 'Doctrine\\Bundle\\DoctrineBundle\\Controller\\ProfilerController',
  35 => 'Doctrine\\ORM\\Cache\\Persister\\Entity\\AbstractEntityPersister',
  36 => 'Doctrine\\ORM\\Cache\\Persister\\Entity\\CachedEntityPersister',
  37 => 'Doctrine\\ORM\\Cache\\Persister\\Entity\\NonStrictReadWriteCachedEntityPersister',
  38 => 'Doctrine\\ORM\\Cache\\Persister\\Entity\\ReadOnlyCachedEntityPersister',
  39 => 'Doctrine\\ORM\\Cache\\Persister\\Entity\\ReadWriteCachedEntityPersister',
  40 => 'Doctrine\\ORM\\Persisters\\Entity\\AbstractEntityInheritancePersister',
  41 => 'Doctrine\\ORM\\Persisters\\Entity\\BasicEntityPersister',
  42 => 'Doctrine\\ORM\\Persisters\\Entity\\CachedPersisterContext',
  43 => 'Doctrine\\ORM\\Persisters\\Entity\\EntityPersister',
  44 => 'Doctrine\\ORM\\Persisters\\Entity\\JoinedSubclassPersister',
  45 => 'Doctrine\\ORM\\Persisters\\Entity\\SingleTablePersister',
  46 => 'EasyCorp\\Bundle\\EasyAdminBundle\\Contracts\\Controller\\CrudControllerInterface',
  47 => 'EasyCorp\\Bundle\\EasyAdminBundle\\Contracts\\Controller\\DashboardControllerInterface',
  48 => 'EasyCorp\\Bundle\\EasyAdminBundle\\Controller\\AbstractCrudController',
  49 => 'EasyCorp\\Bundle\\EasyAdminBundle\\Controller\\AbstractDashboardController',
  50 => 'EasyCorp\\Bundle\\EasyAdminBundle\\Controller\\EasyAdminController',
  51 => 'FM\\ElfinderBundle\\Controller\\ElFinderController',
  53 => 'Symfony\\Bundle\\FrameworkBundle\\Controller\\ControllerResolver',
  54 => 'Symfony\\Bundle\\FrameworkBundle\\Controller\\RedirectController',
  55 => 'Symfony\\Bundle\\FrameworkBundle\\Controller\\TemplateController',
  56 => 'Symfony\\Component\\HttpKernel\\Controller\\ArgumentResolver',
  57 => 'Symfony\\Component\\HttpKernel\\Controller\\ArgumentResolverInterface',
  58 => 'Symfony\\Component\\HttpKernel\\Controller\\ArgumentResolver\\DefaultValueResolver',
  59 => 'Symfony\\Component\\HttpKernel\\Controller\\ArgumentResolver\\NotTaggedControllerValueResolver',
  60 => 'Symfony\\Component\\HttpKernel\\Controller\\ArgumentResolver\\RequestAttributeValueResolver',
  61 => 'Symfony\\Component\\HttpKernel\\Controller\\ArgumentResolver\\RequestValueResolver',
  62 => 'Symfony\\Component\\HttpKernel\\Controller\\ArgumentResolver\\ServiceValueResolver',
  63 => 'Symfony\\Component\\HttpKernel\\Controller\\ArgumentResolver\\SessionValueResolver',
  64 => 'Symfony\\Component\\HttpKernel\\Controller\\ArgumentResolver\\TraceableValueResolver',
  65 => 'Symfony\\Component\\HttpKernel\\Controller\\ArgumentResolver\\VariadicValueResolver',
  66 => 'Symfony\\Component\\HttpKernel\\Controller\\ArgumentValueResolverInterface',
  67 => 'Symfony\\Component\\HttpKernel\\Controller\\ContainerControllerResolver',
  68 => 'Symfony\\Component\\HttpKernel\\Controller\\ControllerReference',
  69 => 'Symfony\\Component\\HttpKernel\\Controller\\ControllerResolver',
  70 => 'Symfony\\Component\\HttpKernel\\Controller\\ControllerResolverInterface',
  71 => 'Symfony\\Component\\HttpKernel\\Controller\\ErrorController',
  72 => 'Symfony\\Component\\HttpKernel\\Controller\\TraceableArgumentResolver',
  73 => 'Symfony\\Component\\HttpKernel\\Controller\\TraceableControllerResolver',
  74 => 'Symfony\\Component\\Security\\Http\\Controller\\UserValueResolver',
  75 => 'Vich\\UploaderBundle\\Entity\\File',
);